// Jest Snapshot v1, https://goo.gl/fbAQLP

exports[`should render expense list item with correct values 1`] = `
<div>
  <Link
    replace={false}
    to="/edit/1"
  >
    <h3>
      Description: 
      Gum
    </h3>
  </Link>
  <p>
    195
     - 
    86400000
  </p>
</div>
`;
